// Jest Snapshot v1, https://goo.gl/fbAQLP

exports[`Header Editor renders a static view when not editable 1`] = `<header />`;

exports[`Header Editor renders correctly with no props 1`] = `<header />`;
